exports[`test renders correctly 1`] = `
<View
  style={
    Object {
      "flex": 1,
    }
  }>
  <View />
  <View
    pointerEvents="none"
    style={
      Array [
        Object {
          "backgroundColor": "rgba(0, 0, 0, 0)",
          "bottom": 0,
          "left": 0,
          "position": "absolute",
          "right": 0,
          "top": 0,
        },
        Object {
          "justifyContent": "center",
        },
        undefined,
        Object {
          "height": 0,
          "left": 0,
          "top": -10000,
          "width": 0,
        },
      ]
    }>
    <View
      accessibilityComponentType={undefined}
      accessibilityLabel={undefined}
      accessibilityTraits={undefined}
      accessible={true}
      hitSlop={undefined}
      onLayout={undefined}
      onResponderGrant={[Function]}
      onResponderMove={[Function]}
      onResponderRelease={[Function]}
      onResponderTerminate={[Function]}
      onResponderTerminationRequest={[Function]}
      onStartShouldSetResponder={[Function]}
      style={
        Object {
          "backgroundColor": "rgba(0, 0, 0, 0)",
          "bottom": 0,
          "left": 0,
          "opacity": 1,
          "position": "absolute",
          "right": 0,
          "top": 0,
        }
      }
      testID={undefined}>
      <View
        style={
          Object {
            "backgroundColor": "rgba(0, 0, 0, 0.75)",
            "flex": 1,
            "opacity": 0,
          }
        } />
    </View>
    <View
      style={
        Object {
          "backgroundColor": "#F5F5F5",
          "borderRadius": 2,
          "margin": 20,
          "opacity": 0,
          "padding": 10,
          "transform": Array [
            Object {
              "scale": 0.8,
            },
            Object {
              "translateY": 0,
            },
          ],
        }
      } />
  </View>
</View>
`;
